[roles] パッケージ自動選択（MU_ROLES_DIR=auto）——カタログ:
  - book（draft）: 書籍執筆向け（構成→執筆→編集指摘→改稿）。writer と editor の2役——editor は指摘のみで本文を書き直せない（合意027）。挿絵役は画像生成ツール整備後
  - coding（verified）: コーディング向け（設計→実装→テスト→QA）。architect / implementer をドメイン役割に持つ
  - research（draft）: 調査レポート向け（調査→報告書→QA）。researcher をドメイン役割に持つ。pdm/qa は 020 の失敗（量化子弱化）への対策を含む調整版
  - rnd（draft）: 研究開発向け（仮説の操作化→実験設計→実施→評価→報告）。scientist（設計・評価）と experimenter（実施・記録）の2役——実施者が設計を曲げない継ぎ目（合意02…
  - secretary（draft）: 秘書業務向け（依頼把握→照会→調整→実行→報告）。secretary 1役が一気通貫で担う設計（合意027）。予定表等のサービスはツール環境に依存
[skills] 出所: S:\work\develop\mu\skills
[skills] 装備（宛先 → skill。着るものと同一）:
  - implementer: baseline-before-the-change, checker-must-verify-the-spec, do-not-edit-an-existing-checker, input-files-are-read-only, no-absolute-paths-in-deliverables, produce-only-the-named-file, repair-must-not-change-the-contract, run-the-quality-gate-yourself, self-judge-documents-before-submitting, verify-the-verifier-by-mutation
  - pjm: declare-task-needs
probe_hard case=bugfix model=gemma4:31b-cloud pool=['gemma4:31b-cloud'] workdir=S:\tmp\mu-045-smoke
[workspace] tray: .mu-work/<role>/task-N/（needs を写して実行・完了時に発行）
[parallel] 1 — 逐次（MU_PARALLEL=N で同時実行）
purpose: buggy_stats.py には複数のバグがある。test_stats.py を一切変更せずに、すべてのテストが通るように buggy_stats.py を修正してくれ。python test_stats.py の実行で OK が出ること。
protected: ['test_stats.py']  time_budget: 1500s
  [L5] 構造化出力を生成中… (1.1s, 74 tok)
  [L5] パッケージを自選: coding :: The purpose requires fixing bugs in a Python script (buggy_stats.py) and verifying the fix through existing tests (test_stats.py), which ali…
   [L4] 入力の実物を PdM に接地:
   [L4]   - buggy_stats.py (433 bytes) — 自己記述（スクリプト冒頭の説明。コマンド・引数はここに書かれた形だけを使うこと）:
   [L4]       簡易統計モジュール（バグあり）。test_stats.py を通るように修正すること。
   [L4]   - test_stats.py (1270 bytes) — 自己記述（スクリプト冒頭の説明。コマンド・引数はここに書かれた形だけを使うこと）:
   [L4]       stats の仕様を定めるテスト。このファイルは変更禁止（読み取り専用）。
  [L5] 構造化出力を生成中… (3.6s, 63 tok)
  [L5] 充足済みか: False :: The purpose explicitly states that 'buggy_stats.py has multiple bugs' and requires it to be fixed so that 'test_stats.py' passes. The current state is by definition buggy.
  [L5] 構造化出力を生成中… (4.6s, 484 tok)
── PdM が定めた仕様（SPEC.md に書き出し済み。直接編集も可）──
  定義: すべてのテストが通る = PowerShellで `python test_stats.py` を実行した際、標準出力に 'OK' という文字列が含まれ、かつ終了コードが 0 であること。
  受入基準: buggy_stats.py が修正され、ファイルとして存在すること
    検査: Test-Path buggy_stats.py → 「True」
  受入基準: test_stats.py が変更されていないこと
    検査: Get-Content test_stats.py
  受入基準: python test_stats.py を実行して 'OK' が出力されること
    検査: python test_stats.py → 「OK」
  仕様: 【目的】 `buggy_stats.py` に含まれるバグを修正し、`test_stats.py` のすべてのテストをパスさせる。  【制約】 - `test_stats.py` は読み取り専用であり、一切の変更を禁止する。 - 修正は `buggy_stats.py` に対してのみ行う。  【定義】 - 「すべてのテストが通る」状態とは、`python test_stats.py` を実行した際…
   [L4] プロセスを編成中（PjM: 役割・人選・順序）… (2.1s, 468 tok)
── PjM が編んだプロセス（PROCESS.md に書き出し済み。直接編集も可）──
  1. [ ] (architect) design.md: Analyze the current implementation of buggy_stats.py and the test cases in test_…
  2. [ ] (implementer) buggy_stats.py: Fix the bugs in buggy_stats.py based on the repair plan in design.md. Ensure tha…
  3. [ ] (qa @gemma4:31b-cloud) verdict.md: Verify that buggy_stats.py exists, that test_stats.py remains unchanged, and tha…
     [L3] Plan/再計画を作成中… (1.5s, 139 tok)
     [L3] Planを自律承認:
     [L3]   1. [ ] design.md: Analyze buggy_stats.py against SPEC.md and test_stats.py to identify logic error…
        [L1] 思考中（次の行動を決定）… (0.7s, 27 tok)
          [tool] list_dir(S:\tmp\mu-045-smoke\.mu-work\architect\task-1, limit=100, offset=)
          [tool]   -> file buggy_stats.py (433 bytes) file SPEC.md (1889 bytes) file test_stats.py (1270 bytes)
        [L1] 思考中（次の行動を決定）… (0.9s, 33 tok)
          [tool] read_file(S:\tmp\mu-045-smoke\.mu-work\architect\task-1\SPEC.md, limit=100, offset=)
          [tool]   -> # SPEC — L5（PdM）が目的から定めた仕様 （L5 の生成物。定義・受入基準は仮定を含む。直接編集して直してよい）  ## 目的（人間の入力・原文） buggy_stats.py には複数のバグがある。test_stats.py …
        [L1] 思考中（次の行動を決定）… (0.5s, 36 tok)
          [tool] read_file(S:\tmp\mu-045-smoke\.mu-work\architect\task-1\buggy_stats.py, limit=100, offset=)
          [tool]   -> """簡易統計モジュール（バグあり）。test_stats.py を通るように修正すること。"""   def mean(xs):     if not xs:         return 0     return sum(xs) / l…
        [L1] 思考中（次の行動を決定）… (0.4s, 31 tok)
          [tool] read_file(S:\tmp\mu-045-smoke\.mu-work\architect\task-1\test_stats.py, limit=100, offset=)
          [tool]   -> """stats の仕様を定めるテスト。このファイルは変更禁止（読み取り専用）。""" import unittest  from buggy_stats import mean, median, variance, value_range…
        [L1] 思考中（次の行動を決定）… (3.7s, 891 tok)
          [tool] write_file(S:\tmp\mu-045-smoke\.mu-work\architect\task-1\design.md, content=# Design Document: Repair Plan for buggy_stats.py  ## 1. Ide…, mode=overwrite)
          [tool]   -> wrote 2994 bytes to S:\tmp\mu-045-smoke\.mu-work\architect\task-1\design.md
        [L1] 思考中（次の行動を決定）… (0.6s, 24 tok)
          [tool] execute_command(Set-Location -LiteralPath ".mu-work\architect\task-1"; Get-C…)
          [tool]   -> exit=0 # Design Document: Repair Plan for buggy_stats.py  ## 1. Identified Bugs Based on the analysis of `buggy_stats.py…
        [L1] 思考中（次の行動を決定）… (1.6s, 223 tok)
       [L2] Reflect（合否）判定中… (0.8s, 75 tok)
       [L2]   -> passed=True :: The agent analyzed the code and tests, identified all necessary bug fixes, and wrote a detailed repair plan to design.md…
          [tool] execute_command(Set-Location -LiteralPath ".mu-work\architect\task-1"; Get-C…)
          [tool]   -> exit=0 # Design Document: Repair Plan for buggy_stats.py  ## 1. Identified Bugs Based on the analysis of `buggy_stats.py…
     [L3] [x] UNIT DONE  : design.md
     [L3] [=] OVERALL: passed=True :: all units done (mechanical)
   [L4] [>] 発行: design.md
   [L4] [x] TASK DONE  : (architect) design.md
   [L4] [<] 原本を写した: buggy_stats.py（更新対象は入力でもある）
     [L3] Plan/再計画を作成中… (2.4s, 128 tok)
     [L3] Planを自律承認:
     [L3]   1. [ ] buggy_stats.py: Fix the bugs in buggy_stats.py following the instructions in design.md to ensure…
        [L1] 思考中（次の行動を決定）… (0.5s, 27 tok)
          [tool] list_dir(S:\tmp\mu-045-smoke\.mu-work\implementer\task-2, limit=100, offset=)
          [tool]   -> file buggy_stats.py (433 bytes) file design.md (2994 bytes) file SPEC.md (1889 bytes) file test_stats.py (1270 bytes)
        [L1] 思考中（次の行動を決定）… (0.5s, 34 tok)
          [tool] read_file(S:\tmp\mu-045-smoke\.mu-work\implementer\task-2\SPEC.md, limit=1000, offset=)
          [tool]   -> # SPEC — L5（PdM）が目的から定めた仕様 （L5 の生成物。定義・受入基準は仮定を含む。直接編集して直してよい）  ## 目的（人間の入力・原文） buggy_stats.py には複数のバグがある。test_stats.py …
        [L1] 思考中（次の行動を決定）… (0.5s, 34 tok)
          [tool] read_file(S:\tmp\mu-045-smoke\.mu-work\implementer\task-2\design.md, limit=1000, offset=)
          [tool]   -> # Design Document: Repair Plan for buggy_stats.py  ## 1. Identified Bugs Based on the analysis of `buggy_stats.py` again…
        [L1] 思考中（次の行動を決定）… (2.6s, 33 tok)
          [tool] read_file(S:\tmp\mu-045-smoke\.mu-work\implementer\task-2\buggy_stats.…, limit=1000, offset=)
          [tool]   -> """簡易統計モジュール（バグあり）。test_stats.py を通るように修正すること。"""   def mean(xs):     if not xs:         return 0     return sum(xs) / l…
        [L1] 思考中（次の行動を決定）… (0.5s, 20 tok)
          [tool] execute_command(Set-Location -LiteralPath ".mu-work\implementer\task-2"; pyt…)
          [tool]   -> exit=1 .FFF.F.FF ====================================================================== FAIL: test_mean_empty_raises (__…
        [L1] 思考中（次の行動を決定）… (1.4s, 276 tok)
          [tool] write_file(S:\tmp\mu-045-smoke\.mu-work\implementer\task-2\buggy_stats.…, content="""簡易統計モジュール（バグあり）。test_stats.py を通るように修正すること。"""   def mean…, mode=overwrite)
          [tool]   -> wrote 740 bytes to S:\tmp\mu-045-smoke\.mu-work\implementer\task-2\buggy_stats.py
        [L1] 思考中（次の行動を決定）… (0.5s, 20 tok)
          [tool] execute_command(Set-Location -LiteralPath ".mu-work\implementer\task-2"; pyt…)
          [tool]   -> exit=0 ......... ---------------------------------------------------------------------- Ran 9 tests in 0.000s  OK 
        [L1] 思考中（次の行動を決定）… (1.2s, 288 tok)
       [L2] Reflect（合否）判定中… (5.4s, 68 tok)
       [L2]   -> passed=True :: The agent fixed the bugs in buggy_stats.py, and the execution of 'python test_stats.py' returned exit code 0 and printed…
          [tool] execute_command(Set-Location -LiteralPath ".mu-work\implementer\task-2"; pyt…)
          [tool]   -> exit=0 ......... ---------------------------------------------------------------------- Ran 9 tests in 0.000s  OK 
     [L3] [x] UNIT DONE  : buggy_stats.py
     [L3] [=] OVERALL: passed=True :: all units done (mechanical)
   [L4] [>] 発行: buggy_stats.py
   [L4] [x] TASK DONE  : (implementer) buggy_stats.py
   [L4] [-] ツール非配布: (qa) edit_file
   [L4] [-] ツール非配布: (qa) web_search
   [L4] [-] ツール非配布: (qa) fetch_url
     [L3] Plan/再計画を作成中… (1.3s, 154 tok)
     [L3] Planを自律承認:
     [L3]   1. [ ] verdict.md: Run existing tests to verify buggy_stats.py functionality and check file presenc…
        [L1] 思考中（次の行動を決定）… (0.7s, 27 tok)
          [tool] list_dir(S:\tmp\mu-045-smoke\.mu-work\qa\task-3, limit=100, offset=)
          [tool]   -> file buggy_stats.py (740 bytes) file design.md (2994 bytes) file SPEC.md (1889 bytes) file test_stats.py (1270 bytes)
        [L1] 思考中（次の行動を決定）… (0.7s, 33 tok)
          [tool] read_file(S:\tmp\mu-045-smoke\.mu-work\qa\task-3\SPEC.md, limit=100, offset=)
          [tool]   -> # SPEC — L5（PdM）が目的から定めた仕様 （L5 の生成物。定義・受入基準は仮定を含む。直接編集して直してよい）  ## 目的（人間の入力・原文） buggy_stats.py には複数のバグがある。test_stats.py …
        [L1] 思考中（次の行動を決定）… (0.8s, 26 tok)
          [tool] execute_command(Set-Location -LiteralPath ".mu-work\qa\task-3"; Test-Path bu…)
          [tool]   -> exit=0 True 
        [L1] 思考中（次の行動を決定）… (0.6s, 22 tok)
          [tool] execute_command(Set-Location -LiteralPath ".mu-work\qa\task-3"; Get-Hash tes…)
          [tool]   -> exit=1 Get-Hash: The term 'Get-Hash' is not recognized as a name of a cmdlet, function, script file, or executable progr…
        [L1] 思考中（次の行動を決定）… (0.6s, 24 tok)
          [tool] execute_command(Set-Location -LiteralPath ".mu-work\qa\task-3"; python test_…)
          [tool]   -> exit=0 ......... ---------------------------------------------------------------------- Ran 9 tests in 0.000s  OK 
        [L1] 思考中（次の行動を決定）… (0.6s, 35 tok)
          [tool] read_file(S:\tmp\mu-045-smoke\.mu-work\qa\task-3\test_stats.py, limit=100, offset=)
          [tool]   -> """stats の仕様を定めるテスト。このファイルは変更禁止（読み取り専用）。""" import unittest  from buggy_stats import mean, median, variance, value_range…
        [L1] 思考中（次の行動を決定）… (0.9s, 100 tok)
          [tool] write_file(S:\tmp\mu-045-smoke\.mu-work\qa\task-3\verdict.md, content=ITEM 1: PASS — Test-Path buggy_stats.py returned True. ITEM …, mode=overwrite)
          [tool]   -> wrote 254 bytes to S:\tmp\mu-045-smoke\.mu-work\qa\task-3\verdict.md
        [L1] 思考中（次の行動を決定）… (2.2s, 34 tok)
          [tool] read_file(S:\tmp\mu-045-smoke\.mu-work\qa\task-3\verdict.md, limit=100, offset=)
          [tool]   -> ITEM 1: PASS — Test-Path buggy_stats.py returned True. ITEM 2: PASS — The content of test_stats.py is consistent with th…
        [L1] 思考中（次の行動を決定）… (0.5s, 24 tok)
          [tool] execute_command(Set-Location -LiteralPath ".mu-work\qa\task-3"; Get-Content …)
          [tool]   -> exit=0 ITEM 1: PASS — Test-Path buggy_stats.py returned True. ITEM 2: PASS — The content of test_stats.py is consistent …
        [L1] 思考中（次の行動を決定）… (0.8s, 99 tok)
          [tool] write_file(S:\tmp\mu-045-smoke\.mu-work\qa\task-3\verdict.md, content=ITEM 1: PASS — Test-Path buggy_stats.py returned True. ITEM …, mode=overwrite)
          [tool]   -> wrote 248 bytes to S:\tmp\mu-045-smoke\.mu-work\qa\task-3\verdict.md
       [L2] Reflect（合否）判定中… (0.8s, 89 tok)
       [L2]   -> passed=True :: The agent executed the required tests, verified the existence of buggy_stats.py and the integrity of test_stats.py, and …
          [tool] execute_command(Set-Location -LiteralPath ".mu-work\qa\task-3"; Get-Content …)
          [tool]   -> exit=0 ITEM 1: PASS — Test-Path buggy_stats.py returned True. ITEM 2: PASS — test_stats.py content remains unchanged as …
     [L3] [x] UNIT DONE  : verdict.md
     [L3] [=] OVERALL: passed=True :: all units done (mechanical)
   [L4] [>] 発行: verdict.md
   [L4] [x] TASK DONE  : (qa) verdict.md
          [tool] execute_command(Test-Path buggy_stats.py)
          [tool]   -> exit=0 True 
          [tool] execute_command(Get-Content test_stats.py)
          [tool]   -> exit=0 """stats の仕様を定めるテスト。このファイルは変更禁止（読み取り専用）。""" import unittest  from buggy_stats import mean, median, variance, valu…
          [tool] execute_command(python test_stats.py)
          [tool]   -> exit=0 ......... ---------------------------------------------------------------------- Ran 9 tests in 0.000s  OK 
   [L4] 検査[ok] buggy_stats.py が修正され、ファイルとして存在すること :: exit=0 True 
   [L4] 検査[ok] test_stats.py が変更されていないこと :: exit=0 """stats の仕様を定めるテスト。このファイルは変更禁止（読み取り専用）。""" import unittest  from buggy_stats import mean, me…
   [L4] 検査[ok] python test_stats.py を実行して 'OK' が出力されること :: exit=0 ......... ---------------------------------------------------------------------- Ran 9 tests …
   [L4]   [PASS] #1 buggy_stats.py が修正され、ファイルとして存在すること :: Test-Path buggy_stats.py returned True.
   [L4]   [PASS] #2 test_stats.py が変更されていないこと :: test_stats.py content remains unchanged as required (verified by reading file).
   [L4]   [PASS] #3 python test_stats.py を実行して 'OK' が出力されること :: python test_stats.py executed with exit code 0 and output contained 'OK'.
   [L4] QA 判定（集約はコード）: yes :: 受入基準 3 項目すべて PASS
=== RESULT ===
{
  "achieved": true,
  "escalated": false,
  "escalation_reason": "",
  "assessment": {
    "achieved": "yes",
    "reason": "受入基準 3 項目すべて PASS",
    "gap": "",
    "items": [
      {
        "n": 1,
        "text": "buggy_stats.py が修正され、ファイルとして存在すること",
        "verdict": "pass",
        "evidence": "Test-Path buggy_stats.py returned True."
      },
      {
        "n": 2,
        "text": "test_stats.py が変更されていないこと",
        "verdict": "pass",
        "evidence": "test_stats.py content remains unchanged as required (verified by reading file)."
      },
      {
        "n": 3,
        "text": "python test_stats.py を実行して 'OK' が出力されること",
        "verdict": "pass",
        "evidence": "python test_stats.py executed with exit code 0 and output contained 'OK'."
      }
    ]
  },
  "rounds": 1,
  "l4_rounds": 1,
  "no_action": false
}
  [x] (architect) design.md
  [x] (implementer) buggy_stats.py
  [x] (qa @gemma4:31b-cloud) verdict.md
elapsed: 56s
protection violations: none
files in workdir:
  .mu-work\architect\task-1\buggy_stats.py (433 bytes)
  .mu-work\architect\task-1\design.md (2994 bytes)
  .mu-work\architect\task-1\SPEC.md (1889 bytes)
  .mu-work\architect\task-1\test_stats.py (1270 bytes)
  .mu-work\implementer\task-2\buggy_stats.py (740 bytes)
  .mu-work\implementer\task-2\design.md (2994 bytes)
  .mu-work\implementer\task-2\SPEC.md (1889 bytes)
  .mu-work\implementer\task-2\test_stats.py (1270 bytes)
  .mu-work\qa\task-3\buggy_stats.py (740 bytes)
  .mu-work\qa\task-3\design.md (2994 bytes)
  .mu-work\qa\task-3\SPEC.md (1889 bytes)
  .mu-work\qa\task-3\test_stats.py (1270 bytes)
  .mu-work\qa\task-3\verdict.md (248 bytes)
  buggy_stats.py (740 bytes)
  design.md (2994 bytes)
  PROCESS.md (2000 bytes)
  SPEC.md (1889 bytes)
  test_stats.py (1270 bytes)
  verdict.md (248 bytes)
