L4 chat / model=gemma4:31b-cloud  pool=['gemma4:31b-cloud']  l4_max=3
[roles] パッケージ: coding（verified） — コーディング向け（設計→実装→テスト→QA）。architect / implementer をドメイン役割に持つ
[roles] 人選対象（PjM が見る一覧と同一）:
  - architect: role: architect（アーキテクト）
  - implementer: role: implementer（実装者）
  - qa: role: qa（品質保証）
[roles] ポジション（人選対象外）: pdm, pjm
[skills] 出所: S:\work\develop\mu\skills
[skills] 装備（宛先 → skill。着るものと同一）:
  - implementer: checker-must-verify-the-spec, do-not-edit-an-existing-checker, input-files-are-read-only, produce-only-the-named-file, run-the-quality-gate-yourself, self-judge-documents-before-submitting
  - pjm: declare-task-needs
[workspace] tray: .mu-work/<role>/task-N/（needs を写して実行・完了時に発行）
[parallel] 同時実行 最大 2（dispatch 規則: needs・WAW/WAR・QA バリア）
spec: S:\work\develop\mu\runs\2026-08-12-031\width-spec.json
  2つの独立した成果物を作る。(1) poem_a.md — 春を詠んだ日本語の俳句を3句。1行に1句、行頭を「- 」にする。(2) poem_b.md — 秋を詠んだ日本語の俳句を3句。1行に1句、行頭を「- 」にする。poem_a.md と poem_b.md は互いに依存しない独立した作業である（どちらを先に作ってもよい）。
   [L4] プロセスを編成中（PjM: 役割・人選・順序）… (3.5s, 405 tok)
── PjM が編んだプロセス（PROCESS.md に書き出し済み。直接編集も可）──
  1. [ ] (implementer) poem_a.md: 春を詠んだ日本語の俳句を3句作成し、各行の行頭を「- 」として poem_a.md に保存する。
  2. [ ] (implementer) poem_b.md: 秋を詠んだ日本語の俳句を3句作成し、各行の行頭を「- 」として poem_b.md に保存する。
  3. [ ] (qa @gemma4:31b-cloud) verdict.md: poem_a.md と poem_b.md がSPECの要件（春・秋のテーマ、3句、行頭フォーマット）を満たしているか検証し、結果を verdict.md に記…
   [L4] [>] TASK START : (implementer) poem_a.md
     [L3] Plan/再計画を作成中…   [L4] [>] TASK START : (implementer) poem_b.md
     [L3] Plan/再計画を作成中… (2.1s, 129 tok)
     [L3] Planを自律承認:
     [L3]   1. [ ] poem_b.md: 秋を詠んだ日本語の俳句を3句作成し、各行の行頭に「- 」を付与して poem_b.md に保存する。
        [L1] 思考中（次の行動を決定）… (2.2s, 124 tok)
     [L3] Planを自律承認:
     [L3]   1. [ ] poem_a.md: 春を詠んだ日本語の俳句を3句作成し、各行を「- 」で始めて poem_a.md に保存する。
        [L1] 思考中（次の行動を決定）… (1.7s, 72 tok)
          [tool] write_file(S:\work\develop\mu\runs\2026-08-12-031\width-cloud-p2d\.mu-w…, content=- 秋風に 揺れるすすきや 空の青 - 柿の実の 赤く色づく 夕暮れ時 - 虫の音に 静かに更ける 秋の夜, mode=overwrite)
          [tool]   -> wrote 133 bytes to S:\work\develop\mu\runs\2026-08-12-031\width-cloud-p2d\.mu-work\implementer\task-2\poem_b.md
        [L1] 思考中（次の行動を決定）… (1.9s, 70 tok)
          [tool] write_file(S:\work\develop\mu\runs\2026-08-12-031\width-cloud-p2d\.mu-w…, content=- 春の風 光あふれる 昼下がり - 桜舞う 道に広がる 薄紅に - 朧月 夜の静寂に 溶けゆきて, mode=overwrite)
          [tool]   -> wrote 121 bytes to S:\work\develop\mu\runs\2026-08-12-031\width-cloud-p2d\.mu-work\implementer\task-1\poem_a.md
        [L1] 思考中（次の行動を決定）… (1.0s, 26 tok)
          [tool] execute_command(Set-Location -LiteralPath ".mu-work\implementer\task-2"; Get…)
 (1.3s, 26 tok)
          [tool] execute_command(Set-Location -LiteralPath ".mu-work\implementer\task-1"; Get…)
          [tool]   -> exit=0 - 秋風に 揺れるすすきや 空の青 - 柿の実の 赤く色づく 夕暮れ時 - 虫の音に 静かに更ける 秋の夜 
        [L1] 思考中（次の行動を決定）…          [tool]   -> exit=0 - 春の風 光あふれる 昼下がり - 桜舞う 道に広がる 薄紅に - 朧月 夜の静寂に 溶けゆきて 
        [L1] 思考中（次の行動を決定）… (1.2s, 57 tok)
       [L2] Reflect（合否）判定中… (1.8s, 74 tok)
       [L2] Reflect（合否）判定中… (1.8s, 61 tok)
       [L2]   -> passed=True :: The agent wrote the file poem_b.md and verified its content using execute_command (Get-Content), which showed three line…
          [tool] execute_command(Set-Location -LiteralPath ".mu-work\implementer\task-2"; Get…)
          [tool]   -> exit=0 - 秋風に 揺れるすすきや 空の青 - 柿の実の 赤く色づく 夕暮れ時 - 虫の音に 静かに更ける 秋の夜 
     [L3] [x] UNIT DONE  : poem_b.md
     [L3] [=] OVERALL: passed=True :: all units done (mechanical)
   [L4] [>] 発行: poem_b.md
   [L4] [x] TASK DONE  : (implementer) poem_b.md
 (2.3s, 69 tok)
       [L2]   -> passed=True :: The agent created the file 'poem_a.md' and the output of the verification command (Get-Content) confirms that there are …
          [tool] execute_command(Set-Location -LiteralPath ".mu-work\implementer\task-1"; Get…)
          [tool]   -> exit=0 - 春の風 光あふれる 昼下がり - 桜舞う 道に広がる 薄紅に - 朧月 夜の静寂に 溶けゆきて 
     [L3] [x] UNIT DONE  : poem_a.md
     [L3] [=] OVERALL: passed=True :: all units done (mechanical)
   [L4] [>] 発行: poem_a.md
   [L4] [x] TASK DONE  : (implementer) poem_a.md
   [L4] [-] ツール非配布: (qa) edit_file
   [L4] [-] ツール非配布: (qa) web_search
   [L4] [-] ツール非配布: (qa) fetch_url
   [L4] [>] TASK START : (qa) verdict.md
     [L3] Plan/再計画を作成中… (2.5s, 184 tok)
     [L3] Planを自律承認:
     [L3]   1. [ ] verdict.md: Read SPEC.md, poem_a.md, and poem_b.md to evaluate compliance with the requireme…
        [L1] 思考中（次の行動を決定）… (1.4s, 27 tok)
          [tool] list_dir(S:\work\develop\mu\runs\2026-08-12-031\width-cloud-p2d\.mu-w…, limit=100, offset=)
          [tool]   -> file poem_a.md (121 bytes) file poem_b.md (133 bytes) file SPEC.md (771 bytes)
        [L1] 思考中（次の行動を決定）… (2.5s, 33 tok)
          [tool] read_file(S:\work\develop\mu\runs\2026-08-12-031\width-cloud-p2d\.mu-w…, limit=100, offset=)
          [tool]   -> {   "definitions": ["俳句: 日本語の三行詩ではなく1行で書く短詩。ここでは内容の質は問わない"],   "criteria": [     {"text": "poem_a.md に「- 」で始まる行が3行ある", "…
        [L1] 思考中（次の行動を決定）… (1.9s, 35 tok)
          [tool] read_file(S:\work\develop\mu\runs\2026-08-12-031\width-cloud-p2d\.mu-w…, limit=100, offset=)
          [tool]   -> - 春の風 光あふれる 昼下がり - 桜舞う 道に広がる 薄紅に - 朧月 夜の静寂に 溶けゆきて
        [L1] 思考中（次の行動を決定）… (1.1s, 31 tok)
          [tool] read_file(S:\work\develop\mu\runs\2026-08-12-031\width-cloud-p2d\.mu-w…, limit=100, offset=)
          [tool]   -> - 秋風に 揺れるすすきや 空の青 - 柿の実の 赤く色づく 夕暮れ時 - 虫の音に 静かに更ける 秋の夜
        [L1] 思考中（次の行動を決定）… (2.3s, 160 tok)
          [tool] write_file(S:\work\develop\mu\runs\2026-08-12-031\width-cloud-p2d\.mu-w…, content=ITEM 1: PASS — poem_a.md contains 3 lines starting with "- "…, mode=overwrite)
          [tool]   -> wrote 397 bytes to S:\work\develop\mu\runs\2026-08-12-031\width-cloud-p2d\.mu-work\qa\task-3\verdict.md
        [L1] 思考中（次の行動を決定）… (1.3s, 34 tok)
          [tool] read_file(S:\work\develop\mu\runs\2026-08-12-031\width-cloud-p2d\.mu-w…, limit=100, offset=)
          [tool]   -> ITEM 1: PASS — poem_a.md contains 3 lines starting with "- ": - 春の風 光あふれる 昼下がり - 桜舞う 道に広がる 薄紅に - 朧月 夜の静寂に 溶けゆきて ITEM 2: …
        [L1] 思考中（次の行動を決定）… (1.2s, 76 tok)
          [tool] write_file(S:\work\develop\mu\runs\2026-08-12-031\width-cloud-p2d\.mu-w…, content=ITEM 1: PASS — poem_a.md contains 3 lines starting with "- "…, mode=overwrite)
          [tool]   -> wrote 137 bytes to S:\work\develop\mu\runs\2026-08-12-031\width-cloud-p2d\.mu-work\qa\task-3\verdict.md
        [L1] 思考中（次の行動を決定）… (1.3s, 34 tok)
          [tool] read_file(S:\work\develop\mu\runs\2026-08-12-031\width-cloud-p2d\.mu-w…, limit=100, offset=)
          [tool]   -> ITEM 1: PASS — poem_a.md contains 3 lines starting with "- " ITEM 2: PASS — poem_b.md contains 3 lines starting with "- …
        [L1] 思考中（次の行動を決定）… (2.1s, 6 tok)
       [L2] Reflect（合否）判定中… (1.4s, 113 tok)
       [L2]   -> passed=True :: The agent read SPEC.md, poem_a.md, and poem_b.md, evaluated the requirements, and wrote the findings to verdict.md. The …
          [tool] execute_command(Set-Location -LiteralPath ".mu-work\qa\task-3"; Get-Content …)
          [tool]   -> exit=0 ITEM 1: PASS — poem_a.md contains 3 lines starting with "- " ITEM 2: PASS — poem_b.md contains 3 lines starting w…
     [L3] [x] UNIT DONE  : verdict.md
     [L3] [=] OVERALL: passed=True :: all units done (mechanical)
   [L4] [>] 発行: verdict.md
   [L4] [x] TASK DONE  : (qa) verdict.md
          [tool] execute_command(Get-Content poem_a.md)
          [tool]   -> exit=0 - 春の風 光あふれる 昼下がり - 桜舞う 道に広がる 薄紅に - 朧月 夜の静寂に 溶けゆきて 
          [tool] execute_command(Get-Content poem_b.md)
          [tool]   -> exit=0 - 秋風に 揺れるすすきや 空の青 - 柿の実の 赤く色づく 夕暮れ時 - 虫の音に 静かに更ける 秋の夜 
   [L4] 検査[ok] poem_a.md に「- 」で始まる行が3行ある :: exit=0 - 春の風 光あふれる 昼下がり - 桜舞う 道に広がる 薄紅に - 朧月 夜の静寂に 溶けゆきて 
   [L4] 検査[ok] poem_b.md に「- 」で始まる行が3行ある :: exit=0 - 秋風に 揺れるすすきや 空の青 - 柿の実の 赤く色づく 夕暮れ時 - 虫の音に 静かに更ける 秋の夜 
   [L4]   [PASS] #1 poem_a.md に「- 」で始まる行が3行ある :: poem_a.md contains 3 lines starting with "- "
   [L4]   [PASS] #2 poem_b.md に「- 」で始まる行が3行ある :: poem_b.md contains 3 lines starting with "- "
   [L4] QA 判定（集約はコード）: yes :: 受入基準 2 項目すべて PASS
   [L4]   gap: none
=== OUTCOME ===
outcome: done  (ok=True, rounds=1)
  [x] (implementer) poem_a.md
  [x] (implementer) poem_b.md
  [x] (qa @gemma4:31b-cloud) verdict.md
verdict: yes :: 受入基準 2 項目すべて PASS
check[ok] poem_a.md に「- 」で始まる行が3行ある
check[ok] poem_b.md に「- 」で始まる行が3行ある
EXIT=0 ELAPSED=35s
