L4 chat / model=gemma4:31b-cloud  pool=['gemma4:31b-cloud']  l4_max=3
[roles] パッケージ: coding（verified） — コーディング向け（設計→実装→テスト→QA）。architect / implementer をドメイン役割に持つ
[roles] 人選対象（PjM が見る一覧と同一）:
  - architect: role: architect（アーキテクト）
  - implementer: role: implementer（実装者）
  - qa: role: qa（品質保証）
[roles] ポジション（人選対象外）: pdm, pjm
[skills] 出所: S:\work\develop\mu\skills
[skills] 装備（宛先 → skill。着るものと同一）:
  - implementer: checker-must-verify-the-spec, do-not-edit-an-existing-checker, input-files-are-read-only, produce-only-the-named-file, run-the-quality-gate-yourself, self-judge-documents-before-submitting
  - pjm: declare-task-needs
[workspace] tray: .mu-work/<role>/task-N/（needs を写して実行・完了時に発行）
[parallel] 1 — 逐次（MU_PARALLEL=N で同時実行）
spec: S:\work\develop\mu\runs\2026-08-12-031\width-spec.json
  2つの独立した成果物を作る。(1) poem_a.md — 春を詠んだ日本語の俳句を3句。1行に1句、行頭を「- 」にする。(2) poem_b.md — 秋を詠んだ日本語の俳句を3句。1行に1句、行頭を「- 」にする。poem_a.md と poem_b.md は互いに依存しない独立した作業である（どちらを先に作ってもよい）。
   [L4] プロセスを編成中（PjM: 役割・人選・順序）… (3.0s, 416 tok)
── PjM が編んだプロセス（PROCESS.md に書き出し済み。直接編集も可）──
  1. [ ] (implementer) poem_a.md: 春を詠んだ日本語の俳句を3句作成し、各行の行頭を「- 」として poem_a.md に保存する。
  2. [ ] (implementer) poem_b.md: 秋を詠んだ日本語の俳句を3句作成し、各行の行頭を「- 」として poem_b.md に保存する。
  3. [ ] (qa @gemma4:31b-cloud) verdict.md: poem_a.md と poem_b.md の内容を検証し、SPECの要件（春/秋のテーマ、3句構成、行頭の形式）を満たしているか確認して判定を書き出す。
     [L3] Plan/再計画を作成中… (1.2s, 128 tok)
     [L3] Planを自律承認:
     [L3]   1. [ ] poem_a.md: 春を詠んだ日本語の俳句を3句作成し、各行を「- 」で始めて poem_a.md に保存する。
        [L1] 思考中（次の行動を決定）… (1.8s, 74 tok)
          [tool] write_file(S:\work\develop\mu\runs\2026-08-12-031\width-cloud-p1d\.mu-w…, content=- 春風に 舞い散る花や 空の青 - 陽だまりに 眠る猫見て 春の午後 - 萌え出づる 草の芽ひとつ 朝露に, mode=overwrite)
          [tool]   -> wrote 136 bytes to S:\work\develop\mu\runs\2026-08-12-031\width-cloud-p1d\.mu-work\implementer\task-1\poem_a.md
        [L1] 思考中（次の行動を決定）… (2.0s, 26 tok)
          [tool] execute_command(Set-Location -LiteralPath ".mu-work\implementer\task-1"; Get…)
          [tool]   -> exit=0 - 春風に 舞い散る花や 空の青 - 陽だまりに 眠る猫見て 春の午後 - 萌え出づる 草の芽ひとつ 朝露に 
        [L1] 思考中（次の行動を決定）… (1.9s, 61 tok)
       [L2] Reflect（合否）判定中… (1.8s, 63 tok)
       [L2]   -> passed=True :: The agent wrote the file and the subsequent execution of the verification command (Get-Content) confirmed that three lin…
          [tool] execute_command(Set-Location -LiteralPath ".mu-work\implementer\task-1"; Get…)
          [tool]   -> exit=0 - 春風に 舞い散る花や 空の青 - 陽だまりに 眠る猫見て 春の午後 - 萌え出づる 草の芽ひとつ 朝露に 
     [L3] [x] UNIT DONE  : poem_a.md
     [L3] [=] OVERALL: passed=True :: all units done (mechanical)
   [L4] [>] 発行: poem_a.md
   [L4] [x] TASK DONE  : (implementer) poem_a.md
     [L3] Plan/再計画を作成中… (2.2s, 126 tok)
     [L3] Planを自律承認:
     [L3]   1. [ ] poem_b.md: 秋を詠んだ日本語の俳句を3句作成し、各行を'- 'で始めてpoem_b.mdに保存する。
        [L1] 思考中（次の行動を決定）… (2.3s, 67 tok)
          [tool] write_file(S:\work\develop\mu\runs\2026-08-12-031\width-cloud-p1d\.mu-w…, content=- 秋風に揺れるすすきの黄金色 - 澄み渡る空に一羽の渡り鳥 - 虫の声夜を彩る月明かり, mode=overwrite)
          [tool]   -> wrote 118 bytes to S:\work\develop\mu\runs\2026-08-12-031\width-cloud-p1d\.mu-work\implementer\task-2\poem_b.md
        [L1] 思考中（次の行動を決定）… (1.6s, 26 tok)
          [tool] execute_command(Set-Location -LiteralPath ".mu-work\implementer\task-2"; Get…)
          [tool]   -> exit=0 - 秋風に揺れるすすきの黄金色 - 澄み渡る空に一羽の渡り鳥 - 虫の声夜を彩る月明かり 
        [L1] 思考中（次の行動を決定）… (1.5s, 57 tok)
       [L2] Reflect（合否）判定中… (2.5s, 69 tok)
       [L2]   -> passed=True :: The agent wrote a file 'poem_b.md' and the execution of the verification command (Get-Content) confirmed that there are …
          [tool] execute_command(Set-Location -LiteralPath ".mu-work\implementer\task-2"; Get…)
          [tool]   -> exit=0 - 秋風に揺れるすすきの黄金色 - 澄み渡る空に一羽の渡り鳥 - 虫の声夜を彩る月明かり 
     [L3] [x] UNIT DONE  : poem_b.md
     [L3] [=] OVERALL: passed=True :: all units done (mechanical)
   [L4] [>] 発行: poem_b.md
   [L4] [x] TASK DONE  : (implementer) poem_b.md
   [L4] [-] ツール非配布: (qa) edit_file
   [L4] [-] ツール非配布: (qa) web_search
   [L4] [-] ツール非配布: (qa) fetch_url
     [L3] Plan/再計画を作成中… (3.3s, 182 tok)
     [L3] Planを自律承認:
     [L3]   1. [ ] verdict.md: Read SPEC.md, poem_a.md, and poem_b.md to verify if they meet the requirements (…
        [L1] 思考中（次の行動を決定）… (1.6s, 27 tok)
          [tool] list_dir(S:\work\develop\mu\runs\2026-08-12-031\width-cloud-p1d\.mu-w…, limit=100, offset=)
          [tool]   -> file poem_a.md (136 bytes) file poem_b.md (118 bytes) file SPEC.md (771 bytes)
        [L1] 思考中（次の行動を決定）… (1.3s, 33 tok)
          [tool] read_file(S:\work\develop\mu\runs\2026-08-12-031\width-cloud-p1d\.mu-w…, limit=100, offset=)
          [tool]   -> {   "definitions": ["俳句: 日本語の三行詩ではなく1行で書く短詩。ここでは内容の質は問わない"],   "criteria": [     {"text": "poem_a.md に「- 」で始まる行が3行ある", "…
        [L1] 思考中（次の行動を決定）… (1.2s, 35 tok)
          [tool] read_file(S:\work\develop\mu\runs\2026-08-12-031\width-cloud-p1d\.mu-w…, limit=100, offset=)
          [tool]   -> - 春風に 舞い散る花や 空の青 - 陽だまりに 眠る猫見て 春の午後 - 萌え出づる 草の芽ひとつ 朝露に
        [L1] 思考中（次の行動を決定）… (1.5s, 31 tok)
          [tool] read_file(S:\work\develop\mu\runs\2026-08-12-031\width-cloud-p1d\.mu-w…, limit=100, offset=)
          [tool]   -> - 秋風に揺れるすすきの黄金色 - 澄み渡る空に一羽の渡り鳥 - 虫の声夜を彩る月明かり
        [L1] 思考中（次の行動を決定）… (1.7s, 168 tok)
          [tool] write_file(S:\work\develop\mu\runs\2026-08-12-031\width-cloud-p1d\.mu-w…, content=ITEM 1: PASS — poem_a.md has 3 lines starting with "- ". Con…, mode=overwrite)
          [tool]   -> wrote 405 bytes to S:\work\develop\mu\runs\2026-08-12-031\width-cloud-p1d\.mu-work\qa\task-3\verdict.md
        [L1] 思考中（次の行動を決定）… (1.4s, 24 tok)
          [tool] execute_command(Set-Location -LiteralPath ".mu-work\qa\task-3"; Get-Content …)
          [tool]   -> exit=0 ITEM 1: PASS — poem_a.md has 3 lines starting with "- ". Content: "- 春風に 舞い散る花や 空の青\n- 陽だまりに 眠る猫見て 春の午後\n- 萌え出づる …
        [L1] 思考中（次の行動を決定）… (2.3s, 164 tok)
          [tool] write_file(S:\work\develop\mu\runs\2026-08-12-031\width-cloud-p1d\.mu-w…, content=ITEM 1: PASS — poem_a.md contains 3 lines starting with "- "…, mode=overwrite)
          [tool]   -> wrote 415 bytes to S:\work\develop\mu\runs\2026-08-12-031\width-cloud-p1d\.mu-work\qa\task-3\verdict.md
        [L1] 思考中（次の行動を決定）… (1.1s, 24 tok)
          [tool] execute_command(Set-Location -LiteralPath ".mu-work\qa\task-3"; Get-Content …)
          [tool]   -> exit=0 ITEM 1: PASS — poem_a.md contains 3 lines starting with "- ". Evidence: - 春風に 舞い散る花や 空の青 - 陽だまりに 眠る猫見て 春の午後 - 萌え出…
        [L1] 思考中（次の行動を決定）… (1.2s, 24 tok)
          [tool] execute_command(Set-Location -LiteralPath ".mu-work\qa\task-3"; Get-Content …)
          [tool]   -> exit=0 ITEM 1: PASS — poem_a.md contains 3 lines starting with "- ". Evidence: - 春風に 舞い散る花や 空の青 - 陽だまりに 眠る猫見て 春の午後 - 萌え出…
        [L1] 思考中（次の行動を決定）… (1.2s, 5 tok)
       [L2] Reflect（合否）判定中… (2.0s, 127 tok)
       [L2]   -> passed=True :: The agent read SPEC.md, poem_a.md, and poem_b.md, evaluated them against the criteria, and wrote the results to verdict.…
          [tool] execute_command(Set-Location -LiteralPath ".mu-work\qa\task-3"; Get-Content …)
          [tool]   -> exit=0 ITEM 1: PASS — poem_a.md contains 3 lines starting with "- ". Evidence: - 春風に 舞い散る花や 空の青 - 陽だまりに 眠る猫見て 春の午後 - 萌え出…
     [L3] [x] UNIT DONE  : verdict.md
     [L3] [=] OVERALL: passed=True :: all units done (mechanical)
   [L4] [>] 発行: verdict.md
   [L4] [x] TASK DONE  : (qa) verdict.md
          [tool] execute_command(Get-Content poem_a.md)
          [tool]   -> exit=0 - 春風に 舞い散る花や 空の青 - 陽だまりに 眠る猫見て 春の午後 - 萌え出づる 草の芽ひとつ 朝露に 
          [tool] execute_command(Get-Content poem_b.md)
          [tool]   -> exit=0 - 秋風に揺れるすすきの黄金色 - 澄み渡る空に一羽の渡り鳥 - 虫の声夜を彩る月明かり 
   [L4] 検査[ok] poem_a.md に「- 」で始まる行が3行ある :: exit=0 - 春風に 舞い散る花や 空の青 - 陽だまりに 眠る猫見て 春の午後 - 萌え出づる 草の芽ひとつ 朝露に 
   [L4] 検査[ok] poem_b.md に「- 」で始まる行が3行ある :: exit=0 - 秋風に揺れるすすきの黄金色 - 澄み渡る空に一羽の渡り鳥 - 虫の声夜を彩る月明かり 
   [L4]   [PASS] #1 poem_a.md に「- 」で始まる行が3行ある :: poem_a.md contains 3 lines starting with "- ". Evidence:
   [L4]   [PASS] #2 poem_b.md に「- 」で始まる行が3行ある :: poem_b.md contains 3 lines starting with "- ". Evidence:
   [L4] QA 判定（集約はコード）: yes :: 受入基準 2 項目すべて PASS
=== OUTCOME ===
outcome: done  (ok=True, rounds=1)
  [x] (implementer) poem_a.md
  [x] (implementer) poem_b.md
  [x] (qa @gemma4:31b-cloud) verdict.md
verdict: yes :: 受入基準 2 項目すべて PASS
check[ok] poem_a.md に「- 」で始まる行が3行ある
check[ok] poem_b.md に「- 」で始まる行が3行ある
EXIT=0 ELAPSED=49s
