L4 chat / model=gemma4:31b-cloud  pool=['gemma4:31b-cloud']  l4_max=3
[roles] パッケージ: coding（verified） — コーディング向け（設計→実装→テスト→QA）。architect / implementer をドメイン役割に持つ
[roles] 人選対象（PjM が見る一覧と同一）:
  - architect: role: architect（アーキテクト）
  - implementer: role: implementer（実装者）
  - qa: role: qa（品質保証）
[roles] ポジション（人選対象外）: pdm, pjm
[skills] 出所: S:\work\develop\mu\skills
[skills] 装備（宛先 → skill。着るものと同一）:
  - implementer: checker-must-verify-the-spec, do-not-edit-an-existing-checker, input-files-are-read-only, produce-only-the-named-file, run-the-quality-gate-yourself, self-judge-documents-before-submitting
  - pjm: declare-task-needs
[workspace] tray: .mu-work/<role>/task-N/（needs を写して実行・完了時に発行）
[parallel] 同時実行 最大 2（dispatch 規則: needs・WAW/WAR・QA バリア）
spec: S:\work\develop\mu\runs\2026-08-12-031\width-spec.json
  2つの独立した成果物を作る。(1) poem_a.md — 春を詠んだ日本語の俳句を3句。1行に1句、行頭を「- 」にする。(2) poem_b.md — 秋を詠んだ日本語の俳句を3句。1行に1句、行頭を「- 」にする。poem_a.md と poem_b.md は互いに依存しない独立した作業である（どちらを先に作ってもよい）。
   [L4] プロセスを編成中（PjM: 役割・人選・順序）… (5.3s, 427 tok)
── PjM が編んだプロセス（PROCESS.md に書き出し済み。直接編集も可）──
  1. [ ] (implementer) poem_a.md: 春を詠んだ日本語の俳句を3句作成し、1行に1句、行頭を「- 」にして poem_a.md に保存してください。
  2. [ ] (implementer) poem_b.md: 秋を詠んだ日本語の俳句を3句作成し、1行に1句、行頭を「- 」にして poem_b.md に保存してください。
  3. [ ] (qa @gemma4:31b-cloud) verdict.md: poem_a.md と poem_b.md が SPEC の要件（春と秋の俳句がそれぞれ3句、行頭が「- 」であること）を満たしているか検証し、結果を verd…
   [L4] [>] TASK START : (implementer) poem_a.md
     [L3] Plan/再計画を作成中…   [L4] [>] TASK START : (implementer) poem_b.md
     [L3] Plan/再計画を作成中… (2.4s, 118 tok)
     [L3] Planを自律承認:
     [L3]   1. [ ] poem_a.md: Create three Japanese haikus about spring and save them to poem_a.md, with each …
        [L1] 思考中（次の行動を決定）… (3.6s, 133 tok)
     [L3] Planを自律承認:
     [L3]   1. [ ] poem_b.md: 秋を詠んだ日本語の俳句を3句作成し、指定の形式で poem_b.md に保存する
        [L1] 思考中（次の行動を決定）… (2.8s, 84 tok)
          [tool] write_file(S:\work\develop\mu\runs\2026-08-12-031\width-cloud-p2b\.mu-w…, content=- 春風に - 花びら舞いて - 空青し - 陽だまりに - 眠る子猫の - 夢心地 - 山笑い - 緑あふれる - 昼…, mode=overwrite)
          [tool]   -> wrote 147 bytes to S:\work\develop\mu\runs\2026-08-12-031\width-cloud-p2b\.mu-work\implementer\task-1\poem_a.md
        [L1] 思考中（次の行動を決定）… (2.5s, 69 tok)
          [tool] write_file(S:\work\develop\mu\runs\2026-08-12-031\width-cloud-p2b\.mu-w…, content=- 秋風に揺れるススキの白き色 - 澄み渡る空に一羽の渡り鳥 - 月明かり静かに照らす夜の道, mode=overwrite)
          [tool]   -> wrote 124 bytes to S:\work\develop\mu\runs\2026-08-12-031\width-cloud-p2b\.mu-work\implementer\task-2\poem_b.md
        [L1] 思考中（次の行動を決定）… (1.9s, 51 tok)
          [tool] write_file(S:\work\develop\mu\runs\2026-08-12-031\width-cloud-p2b\.mu-w…, content=- 春風に - 花びら舞いて - 空青し , mode=overwrite)
          [tool]   -> wrote 48 bytes to S:\work\develop\mu\runs\2026-08-12-031\width-cloud-p2b\.mu-work\implementer\task-1\poem_a.md
        [L1] 思考中（次の行動を決定）… (1.6s, 26 tok)
          [tool] execute_command(Set-Location -LiteralPath ".mu-work\implementer\task-2"; Get…)
          [tool]   -> exit=0 - 秋風に揺れるススキの白き色 - 澄み渡る空に一羽の渡り鳥 - 月明かり静かに照らす夜の道 
        [L1] 思考中（次の行動を決定）… (1.7s, 88 tok)
          [tool] write_file(S:\work\develop\mu\runs\2026-08-12-031\width-cloud-p2b\.mu-w…, content=- 春の風 - 花の香りに - 目覚めゆく - 山笑い - 緑あふれる - 午後の道 - 陽だまりに - 眠る子猫の -…, mode=overwrite)
          [tool]   -> wrote 150 bytes to S:\work\develop\mu\runs\2026-08-12-031\width-cloud-p2b\.mu-work\implementer\task-1\poem_a.md
        [L1] 思考中（次の行動を決定）… (1.3s, 61 tok)
       [L2] Reflect（合否）判定中… (1.8s, 51 tok)
          [tool] write_file(S:\work\develop\mu\runs\2026-08-12-031\width-cloud-p2b\.mu-w…, content=- 春風に - 花びら舞いて - 空青し , mode=overwrite)
          [tool]   -> wrote 48 bytes to S:\work\develop\mu\runs\2026-08-12-031\width-cloud-p2b\.mu-work\implementer\task-1\poem_a.md
        [L1] 思考中（次の行動を決定）… (1.4s, 55 tok)
       [L2]   -> passed=True :: The agent wrote the file and verified the content using a command. The output shows three lines starting with '- ' conta…
          [tool] execute_command(Set-Location -LiteralPath ".mu-work\implementer\task-2"; Get…)
          [tool]   -> exit=0 - 秋風に揺れるススキの白き色 - 澄み渡る空に一羽の渡り鳥 - 月明かり静かに照らす夜の道 
     [L3] [x] UNIT DONE  : poem_b.md
     [L3] [=] OVERALL: passed=True :: all units done (mechanical)
   [L4] [>] 発行: poem_b.md
   [L4] [x] TASK DONE  : (implementer) poem_b.md
 (1.5s, 65 tok)
          [tool] write_file(S:\work\develop\mu\runs\2026-08-12-031\width-cloud-p2b\.mu-w…, content=- 春風に舞う桜の花 - 山笑い緑あふれる道 - 陽だまりに眠る子猫よ , mode=overwrite)
          [tool]   -> wrote 93 bytes to S:\work\develop\mu\runs\2026-08-12-031\width-cloud-p2b\.mu-work\implementer\task-1\poem_a.md
        [L1] 思考中（次の行動を決定）… (0.9s, 26 tok)
          [tool] execute_command(Set-Location -LiteralPath ".mu-work\implementer\task-1"; Get…)
          [tool]   -> exit=0 - 春風に舞う桜の花 - 山笑い緑あふれる道 - 陽だまりに眠る子猫よ 
        [L1] 思考中（次の行動を決定）… (1.1s, 93 tok)
       [L2] Reflect（合否）判定中… (0.7s, 64 tok)
       [L2]   -> passed=True :: The agent created the file poem_a.md with exactly 3 lines, each starting with '- ', as verified by the output of the Get…
          [tool] execute_command(Set-Location -LiteralPath ".mu-work\implementer\task-1"; Get…)
          [tool]   -> exit=0 - 春風に舞う桜の花 - 山笑い緑あふれる道 - 陽だまりに眠る子猫よ 
     [L3] [x] UNIT DONE  : poem_a.md
     [L3] [=] OVERALL: passed=True :: all units done (mechanical)
   [L4] [>] 発行: poem_a.md
   [L4] [x] TASK DONE  : (implementer) poem_a.md
   [L4] [-] ツール非配布: (qa) edit_file
   [L4] [-] ツール非配布: (qa) web_search
   [L4] [-] ツール非配布: (qa) fetch_url
   [L4] [>] TASK START : (qa) verdict.md
     [L3] Plan/再計画を作成中… (1.5s, 181 tok)
     [L3] Planを自律承認:
     [L3]   1. [ ] verdict.md: Verify poem_a.md and poem_b.md against the requirements in SPEC.md (3 spring hai…
        [L1] 思考中（次の行動を決定）… (0.6s, 27 tok)
          [tool] list_dir(S:\work\develop\mu\runs\2026-08-12-031\width-cloud-p2b\.mu-w…, limit=100, offset=)
          [tool]   -> file poem_a.md (93 bytes) file poem_b.md (124 bytes) file SPEC.md (771 bytes)
        [L1] 思考中（次の行動を決定）… (0.5s, 33 tok)
          [tool] read_file(S:\work\develop\mu\runs\2026-08-12-031\width-cloud-p2b\.mu-w…, limit=100, offset=)
          [tool]   -> {   "definitions": ["俳句: 日本語の三行詩ではなく1行で書く短詩。ここでは内容の質は問わない"],   "criteria": [     {"text": "poem_a.md に「- 」で始まる行が3行ある", "…
        [L1] 思考中（次の行動を決定）… (0.8s, 35 tok)
          [tool] read_file(S:\work\develop\mu\runs\2026-08-12-031\width-cloud-p2b\.mu-w…, limit=100, offset=)
          [tool]   -> - 春風に舞う桜の花 - 山笑い緑あふれる道 - 陽だまりに眠る子猫よ 
        [L1] 思考中（次の行動を決定）… (1.5s, 31 tok)
          [tool] read_file(S:\work\develop\mu\runs\2026-08-12-031\width-cloud-p2b\.mu-w…, limit=100, offset=)
          [tool]   -> - 秋風に揺れるススキの白き色 - 澄み渡る空に一羽の渡り鳥 - 月明かり静かに照らす夜の道
        [L1] 思考中（次の行動を決定）… (1.3s, 144 tok)
          [tool] write_file(S:\work\develop\mu\runs\2026-08-12-031\width-cloud-p2b\.mu-w…, content=ITEM 1: PASS — poem_a.md contains 3 lines starting with "- "…, mode=overwrite)
          [tool]   -> wrote 359 bytes to S:\work\develop\mu\runs\2026-08-12-031\width-cloud-p2b\.mu-work\qa\task-3\verdict.md
        [L1] 思考中（次の行動を決定）… (0.7s, 24 tok)
          [tool] execute_command(Set-Location -LiteralPath ".mu-work\qa\task-3"; Get-Content …)
          [tool]   -> exit=0 ITEM 1: PASS — poem_a.md contains 3 lines starting with "- ": "- 春風に舞う桜の花", "- 山笑い緑あふれる道", "- 陽だまりに眠る子猫よ" ITEM 2:…
        [L1] 思考中（次の行動を決定）… (1.1s, 144 tok)
          [tool] write_file(S:\work\develop\mu\runs\2026-08-12-031\width-cloud-p2b\.mu-w…, content=ITEM 1: PASS — poem_a.md contains 3 lines starting with "- "…, mode=overwrite)
          [tool]   -> wrote 359 bytes to S:\work\develop\mu\runs\2026-08-12-031\width-cloud-p2b\.mu-work\qa\task-3\verdict.md
        [L1] 思考中（次の行動を決定）… (1.2s, 144 tok)
          [tool] write_file(S:\work\develop\mu\runs\2026-08-12-031\width-cloud-p2b\.mu-w…, content=ITEM 1: PASS — poem_a.md contains 3 lines starting with "- "…, mode=overwrite)
          [tool]   -> wrote 359 bytes to S:\work\develop\mu\runs\2026-08-12-031\width-cloud-p2b\.mu-work\qa\task-3\verdict.md
        [L1] 思考中（次の行動を決定）… (1.5s, 144 tok)
          [tool] write_file(S:\work\develop\mu\runs\2026-08-12-031\width-cloud-p2b\.mu-w…, content=ITEM 1: PASS — poem_a.md contains 3 lines starting with "- "…, mode=overwrite)
          [tool]   -> wrote 359 bytes to S:\work\develop\mu\runs\2026-08-12-031\width-cloud-p2b\.mu-work\qa\task-3\verdict.md
        [L1] 思考中（次の行動を決定）… (1.3s, 144 tok)
          [tool] write_file(S:\work\develop\mu\runs\2026-08-12-031\width-cloud-p2b\.mu-w…, content=ITEM 1: PASS — poem_a.md contains 3 lines starting with "- "…, mode=overwrite)
          [tool]   -> wrote 359 bytes to S:\work\develop\mu\runs\2026-08-12-031\width-cloud-p2b\.mu-work\qa\task-3\verdict.md
       [L2] Reflect（合否）判定中… (1.6s, 125 tok)
       [L2]   -> passed=False :: The content of verdict.md was never read back and displayed to verify that the strict format (including the GAP section …
       [L2]   next: Read the content of verdict.md to verify its full contents and format.
        [L1] 思考中（次の行動を決定）… (1.1s, 20 tok)
          [tool] execute_command(Set-Location -LiteralPath ".mu-work\qa\task-3"; Get-Content …)
          [tool]   -> exit=0 ITEM 1: PASS — poem_a.md contains 3 lines starting with "- ": "- 春風に舞う桜の花", "- 山笑い緑あふれる道", "- 陽だまりに眠る子猫よ" ITEM 2:…
        [L1] 思考中（次の行動を決定）… (1.8s, 162 tok)
       [L2] Reflect（合否）判定中… (1.2s, 100 tok)
       [L2]   -> passed=True :: The agent correctly verified poem_a.md and poem_b.md against SPEC.md. The resulting verdict.md follows the required form…
          [tool] execute_command(Set-Location -LiteralPath ".mu-work\qa\task-3"; Get-Content …)
          [tool]   -> exit=0 ITEM 1: PASS — poem_a.md contains 3 lines starting with "- ": "- 春風に舞う桜の花", "- 山笑い緑あふれる道", "- 陽だまりに眠る子猫よ" ITEM 2:…
     [L3] [x] UNIT DONE  : verdict.md
     [L3] [=] OVERALL: passed=True :: all units done (mechanical)
   [L4] [>] 発行: verdict.md
   [L4] [x] TASK DONE  : (qa) verdict.md
          [tool] execute_command(Get-Content poem_a.md)
          [tool]   -> exit=0 - 春風に舞う桜の花 - 山笑い緑あふれる道 - 陽だまりに眠る子猫よ 
          [tool] execute_command(Get-Content poem_b.md)
          [tool]   -> exit=0 - 秋風に揺れるススキの白き色 - 澄み渡る空に一羽の渡り鳥 - 月明かり静かに照らす夜の道 
   [L4] 検査[ok] poem_a.md に「- 」で始まる行が3行ある :: exit=0 - 春風に舞う桜の花 - 山笑い緑あふれる道 - 陽だまりに眠る子猫よ 
   [L4] 検査[ok] poem_b.md に「- 」で始まる行が3行ある :: exit=0 - 秋風に揺れるススキの白き色 - 澄み渡る空に一羽の渡り鳥 - 月明かり静かに照らす夜の道 
   [L4]   [PASS] #1 poem_a.md に「- 」で始まる行が3行ある :: poem_a.md contains 3 lines starting with "- ": "- 春風に舞う桜の花", "- 山笑い緑あふれる道", "- 陽…
   [L4]   [PASS] #2 poem_b.md に「- 」で始まる行が3行ある :: poem_b.md contains 3 lines starting with "- ": "- 秋風に揺れるススキの白き色", "- 澄み渡る空に一羽の渡り…
   [L4] QA 判定（集約はコード）: yes :: 受入基準 2 項目すべて PASS
=== OUTCOME ===
outcome: done  (ok=True, rounds=1)
  [x] (implementer) poem_a.md
  [x] (implementer) poem_b.md
  [x] (qa @gemma4:31b-cloud) verdict.md
verdict: yes :: 受入基準 2 項目すべて PASS
check[ok] poem_a.md に「- 」で始まる行が3行ある
check[ok] poem_b.md に「- 」で始まる行が3行ある
EXIT=0 ELAPSED=43s
