L4 chat / model=gemma4:31b-cloud  pool=['gemma4:31b-cloud']  l4_max=3
[roles] パッケージ: coding（verified） — コーディング向け（設計→実装→テスト→QA）。architect / implementer をドメイン役割に持つ
[roles] 人選対象（PjM が見る一覧と同一）:
  - architect: role: architect（アーキテクト）
  - implementer: role: implementer（実装者）
  - qa: role: qa（品質保証）
[roles] ポジション（人選対象外）: pdm, pjm
[skills] 出所: S:\work\develop\mu\skills
[skills] 装備（宛先 → skill。着るものと同一）:
  - implementer: checker-must-verify-the-spec, do-not-edit-an-existing-checker, input-files-are-read-only, produce-only-the-named-file, run-the-quality-gate-yourself, self-judge-documents-before-submitting
  - pjm: declare-task-needs
[workspace] tray: .mu-work/<role>/task-N/（needs を写して実行・完了時に発行）
[parallel] 1 — 逐次（MU_PARALLEL=N で同時実行）
spec: S:\work\develop\mu\runs\2026-08-12-031\width-spec.json
  2つの独立した成果物を作る。(1) poem_a.md — 春を詠んだ日本語の俳句を3句。1行に1句、行頭を「- 」にする。(2) poem_b.md — 秋を詠んだ日本語の俳句を3句。1行に1句、行頭を「- 」にする。poem_a.md と poem_b.md は互いに依存しない独立した作業である（どちらを先に作ってもよい）。
   [L4] プロセスを編成中（PjM: 役割・人選・順序）… (5.3s, 439 tok)
── PjM が編んだプロセス（PROCESS.md に書き出し済み。直接編集も可）──
  1. [ ] (implementer) poem_a.md: 春を詠んだ日本語の俳句を3句作成し、1行に1句、行頭に「- 」を付けて poem_a.md に保存してください。
  2. [ ] (implementer) poem_b.md: 秋を詠んだ日本語の俳句を3句作成し、1行に1句、行頭に「- 」を付けて poem_b.md に保存してください。
  3. [ ] (qa @gemma4:31b-cloud) verdict.md: poem_a.md と poem_b.md の内容を確認し、SPECの条件（春と秋の俳句がそれぞれ3句、行頭が「- 」であること）を満たしているか検証し、結果を…
     [L3] Plan/再計画を作成中… (1.1s, 118 tok)
     [L3] Planを自律承認:
     [L3]   1. [ ] poem_a.md: 春をテーマにした日本語の俳句を3句作成し、指定の形式で保存する。
        [L1] 思考中（次の行動を決定）… (1.3s, 73 tok)
          [tool] write_file(S:\work\develop\mu\runs\2026-08-12-031\width-cloud-p1c\.mu-w…, content=- 陽炎や 遠き山辺に 春の風 - 菜の花や 風に揺られて 黄色い海 - 春うらら 眠る猫らの 昼下がり, mode=overwrite)
          [tool]   -> wrote 130 bytes to S:\work\develop\mu\runs\2026-08-12-031\width-cloud-p1c\.mu-work\implementer\task-1\poem_a.md
        [L1] 思考中（次の行動を決定）… (1.9s, 26 tok)
          [tool] execute_command(Set-Location -LiteralPath ".mu-work\implementer\task-1"; Get…)
          [tool]   -> exit=0 - 陽炎や 遠き山辺に 春の風 - 菜の花や 風に揺られて 黄色い海 - 春うらら 眠る猫らの 昼下がり 
        [L1] 思考中（次の行動を決定）… (1.2s, 60 tok)
       [L2] Reflect（合否）判定中… (2.3s, 61 tok)
       [L2]   -> passed=True :: The agent wrote the file poem_a.md and verified its content using execute_command. The output shows three lines starting…
          [tool] execute_command(Set-Location -LiteralPath ".mu-work\implementer\task-1"; Get…)
          [tool]   -> exit=0 - 陽炎や 遠き山辺に 春の風 - 菜の花や 風に揺られて 黄色い海 - 春うらら 眠る猫らの 昼下がり 
     [L3] [x] UNIT DONE  : poem_a.md
     [L3] [=] OVERALL: passed=True :: all units done (mechanical)
   [L4] [>] 発行: poem_a.md
   [L4] [x] TASK DONE  : (implementer) poem_a.md
     [L3] Plan/再計画を作成中… (1.6s, 131 tok)
     [L3] Planを自律承認:
     [L3]   1. [ ] poem_b.md: 秋を詠んだ日本語の俳句を3句作成し、指定の形式（行頭に'- '）で poem_b.md に保存する。
        [L1] 思考中（次の行動を決定）… (1.3s, 69 tok)
          [tool] write_file(S:\work\develop\mu\runs\2026-08-12-031\width-cloud-p1c\.mu-w…, content=- 秋風に 想いを馳せて 雲流る - 柿の色 熟れて静かな 午後の道 - 月冴えて 虫の声聞く 夜も更けて, mode=overwrite)
          [tool]   -> wrote 133 bytes to S:\work\develop\mu\runs\2026-08-12-031\width-cloud-p1c\.mu-work\implementer\task-2\poem_b.md
        [L1] 思考中（次の行動を決定）… (3.6s, 26 tok)
          [tool] execute_command(Set-Location -LiteralPath ".mu-work\implementer\task-2"; Get…)
          [tool]   -> exit=0 - 秋風に 想いを馳せて 雲流る - 柿の色 熟れて静かな 午後の道 - 月冴えて 虫の声聞く 夜も更けて 
        [L1] 思考中（次の行動を決定）… (1.7s, 61 tok)
       [L2] Reflect（合否）判定中… (1.6s, 56 tok)
       [L2]   -> passed=True :: The agent wrote to poem_b.md and verified the content using Get-Content, which showed three lines each starting with '- …
          [tool] execute_command(Set-Location -LiteralPath ".mu-work\implementer\task-2"; Get…)
          [tool]   -> exit=0 - 秋風に 想いを馳せて 雲流る - 柿の色 熟れて静かな 午後の道 - 月冴えて 虫の声聞く 夜も更けて 
     [L3] [x] UNIT DONE  : poem_b.md
     [L3] [=] OVERALL: passed=True :: all units done (mechanical)
   [L4] [>] 発行: poem_b.md
   [L4] [x] TASK DONE  : (implementer) poem_b.md
   [L4] [-] ツール非配布: (qa) edit_file
   [L4] [-] ツール非配布: (qa) web_search
   [L4] [-] ツール非配布: (qa) fetch_url
     [L3] Plan/再計画を作成中… (2.3s, 191 tok)
     [L3] Planを自律承認:
     [L3]   1. [ ] verdict.md: Read SPEC.md, poem_a.md, and poem_b.md, then evaluate each acceptance criterion …
        [L1] 思考中（次の行動を決定）… (0.6s, 27 tok)
          [tool] list_dir(S:\work\develop\mu\runs\2026-08-12-031\width-cloud-p1c\.mu-w…, limit=100, offset=)
          [tool]   -> file poem_a.md (130 bytes) file poem_b.md (133 bytes) file SPEC.md (771 bytes)
        [L1] 思考中（次の行動を決定）… (0.8s, 33 tok)
          [tool] read_file(S:\work\develop\mu\runs\2026-08-12-031\width-cloud-p1c\.mu-w…, limit=100, offset=)
          [tool]   -> {   "definitions": ["俳句: 日本語の三行詩ではなく1行で書く短詩。ここでは内容の質は問わない"],   "criteria": [     {"text": "poem_a.md に「- 」で始まる行が3行ある", "…
        [L1] 思考中（次の行動を決定）… (1.0s, 35 tok)
          [tool] read_file(S:\work\develop\mu\runs\2026-08-12-031\width-cloud-p1c\.mu-w…, limit=100, offset=)
          [tool]   -> - 陽炎や 遠き山辺に 春の風 - 菜の花や 風に揺られて 黄色い海 - 春うらら 眠る猫らの 昼下がり
        [L1] 思考中（次の行動を決定）… (6.3s, 31 tok)
          [tool] read_file(S:\work\develop\mu\runs\2026-08-12-031\width-cloud-p1c\.mu-w…, limit=100, offset=)
          [tool]   -> - 秋風に 想いを馳せて 雲流る - 柿の色 熟れて静かな 午後の道 - 月冴えて 虫の声聞く 夜も更けて
        [L1] 思考中（次の行動を決定）… (2.3s, 110 tok)
          [tool] write_file(S:\work\develop\mu\runs\2026-08-12-031\width-cloud-p1c\.mu-w…, content=ITEM 1: PASS — poem_a.md contains 3 lines starting with "- "…, mode=overwrite)
          [tool]   -> wrote 252 bytes to S:\work\develop\mu\runs\2026-08-12-031\width-cloud-p1c\.mu-work\qa\task-3\verdict.md
        [L1] 思考中（次の行動を決定）… (1.4s, 27 tok)
          [tool] execute_command(Set-Location -LiteralPath ".mu-work\qa\task-3"; Get-Content …)
          [tool]   -> exit=0 ITEM 1: PASS — poem_a.md contains 3 lines starting with "- ": "- 陽炎や...", "- 菜の花や...", "- 春うらら..." ITEM 2: PASS —…
        [L1] 思考中（次の行動を決定）… (1.3s, 6 tok)
       [L2] Reflect（合否）判定中… (1.8s, 84 tok)
       [L2]   -> passed=True :: The agent read the specifications and poems, evaluated both criteria from SPEC.md, and wrote the verdict.md file in the …
          [tool] execute_command(Set-Location -LiteralPath ".mu-work\qa\task-3"; Get-Content …)
          [tool]   -> exit=0 ITEM 1: PASS — poem_a.md contains 3 lines starting with "- ": "- 陽炎や...", "- 菜の花や...", "- 春うらら..." ITEM 2: PASS —…
     [L3] [x] UNIT DONE  : verdict.md
     [L3] [=] OVERALL: passed=True :: all units done (mechanical)
   [L4] [>] 発行: verdict.md
   [L4] [x] TASK DONE  : (qa) verdict.md
          [tool] execute_command(Get-Content poem_a.md)
          [tool]   -> exit=0 - 陽炎や 遠き山辺に 春の風 - 菜の花や 風に揺られて 黄色い海 - 春うらら 眠る猫らの 昼下がり 
          [tool] execute_command(Get-Content poem_b.md)
          [tool]   -> exit=0 - 秋風に 想いを馳せて 雲流る - 柿の色 熟れて静かな 午後の道 - 月冴えて 虫の声聞く 夜も更けて 
   [L4] 検査[ok] poem_a.md に「- 」で始まる行が3行ある :: exit=0 - 陽炎や 遠き山辺に 春の風 - 菜の花や 風に揺られて 黄色い海 - 春うらら 眠る猫らの 昼下がり 
   [L4] 検査[ok] poem_b.md に「- 」で始まる行が3行ある :: exit=0 - 秋風に 想いを馳せて 雲流る - 柿の色 熟れて静かな 午後の道 - 月冴えて 虫の声聞く 夜も更けて 
   [L4]   [PASS] #1 poem_a.md に「- 」で始まる行が3行ある :: poem_a.md contains 3 lines starting with "- ": "- 陽炎や...", "- 菜の花や...", "- 春うらら.…
   [L4]   [PASS] #2 poem_b.md に「- 」で始まる行が3行ある :: poem_b.md contains 3 lines starting with "- ": "- 秋風に...", "- 柿の色...", "- 月冴えて..…
   [L4] QA 判定（集約はコード）: yes :: 受入基準 2 項目すべて PASS
=== OUTCOME ===
outcome: done  (ok=True, rounds=1)
  [x] (implementer) poem_a.md
  [x] (implementer) poem_b.md
  [x] (qa @gemma4:31b-cloud) verdict.md
verdict: yes :: 受入基準 2 項目すべて PASS
check[ok] poem_a.md に「- 」で始まる行が3行ある
check[ok] poem_b.md に「- 」で始まる行が3行ある
EXIT=0 ELAPSED=47s
