L4 chat / model=gemma4:31b-cloud  pool=['gemma4:31b-cloud']  l4_max=3
[roles] パッケージ: coding（verified） — コーディング向け（設計→実装→テスト→QA）。architect / implementer をドメイン役割に持つ
[roles] 人選対象（PjM が見る一覧と同一）:
  - architect: role: architect（アーキテクト）
  - implementer: role: implementer（実装者）
  - qa: role: qa（品質保証）
[roles] ポジション（人選対象外）: pdm, pjm
[skills] 出所: S:\work\develop\mu\skills
[skills] 装備（宛先 → skill。着るものと同一）:
  - implementer: checker-must-verify-the-spec, do-not-edit-an-existing-checker, input-files-are-read-only, produce-only-the-named-file, run-the-quality-gate-yourself, self-judge-documents-before-submitting
  - pjm: declare-task-needs
[workspace] tray: .mu-work/<role>/task-N/（needs を写して実行・完了時に発行）
[parallel] 1 — 逐次（MU_PARALLEL=N で同時実行）
spec: S:\work\develop\mu\runs\2026-08-12-031\width-spec.json
  2つの独立した成果物を作る。(1) poem_a.md — 春を詠んだ日本語の俳句を3句。1行に1句、行頭を「- 」にする。(2) poem_b.md — 秋を詠んだ日本語の俳句を3句。1行に1句、行頭を「- 」にする。poem_a.md と poem_b.md は互いに依存しない独立した作業である（どちらを先に作ってもよい）。
   [L4] プロセスを編成中（PjM: 役割・人選・順序）… (2.5s, 368 tok)
── PjM が編んだプロセス（PROCESS.md に書き出し済み。直接編集も可）──
  1. [ ] (implementer) poem_a.md: Create poem_a.md containing three Japanese haikus about spring, each on a new li…
  2. [ ] (implementer) poem_b.md: Create poem_b.md containing three Japanese haikus about autumn, each on a new li…
  3. [ ] (qa @gemma4:31b-cloud) verdict.md: Verify that poem_a.md and poem_b.md both contain 3 haikus starting with '- ' as …
     [L3] Plan/再計画を作成中… (1.6s, 119 tok)
     [L3] Planを自律承認:
     [L3]   1. [ ] poem_a.md: Create poem_a.md containing three Japanese haikus about spring, each on a new li…
        [L1] 思考中（次の行動を決定）… (2.5s, 72 tok)
          [tool] write_file(S:\work\develop\mu\runs\2026-08-12-031\width-cloud-p1\.mu-wo…, content=- 春の風 花びら舞い散る 公園に - 陽だまりに 猫が丸まり 昼寝する - 山笑い 谷に響いた 鳥の声 , mode=overwrite)
          [tool]   -> wrote 132 bytes to S:\work\develop\mu\runs\2026-08-12-031\width-cloud-p1\.mu-work\implementer\task-1\poem_a.md
        [L1] 思考中（次の行動を決定）… (2.4s, 26 tok)
          [tool] execute_command(Set-Location -LiteralPath ".mu-work\implementer\task-1"; Get…)
          [tool]   -> exit=0 - 春の風 花びら舞い散る 公園に - 陽だまりに 猫が丸まり 昼寝する - 山笑い 谷に響いた 鳥の声 
        [L1] 思考中（次の行動を決定）… (4.0s, 72 tok)
       [L2] Reflect（合否）判定中… (2.7s, 66 tok)
       [L2]   -> passed=True :: The transcript shows the file was written and the verification command 'Get-Content poem_a.md' was executed, returning e…
          [tool] execute_command(Set-Location -LiteralPath ".mu-work\implementer\task-1"; Get…)
          [tool]   -> exit=0 - 春の風 花びら舞い散る 公園に - 陽だまりに 猫が丸まり 昼寝する - 山笑い 谷に響いた 鳥の声 
     [L3] [x] UNIT DONE  : poem_a.md
     [L3] [=] OVERALL: passed=True :: all units done (mechanical)
   [L4] [>] 発行: poem_a.md
   [L4] [x] TASK DONE  : (implementer) poem_a.md
     [L3] Plan/再計画を作成中… (3.9s, 128 tok)
     [L3] Planを自律承認:
     [L3]   1. [ ] poem_b.md: Create three Japanese haikus about autumn, each on a new line starting with '- '…
        [L1] 思考中（次の行動を決定）… (2.4s, 68 tok)
          [tool] write_file(S:\work\develop\mu\runs\2026-08-12-031\width-cloud-p1\.mu-wo…, content=- 秋風に 心揺らして 柿の実よ - 紅葉舞い 静かに暮れる 秋の暮 - 虫の声 夜に響いて 秋深し , mode=overwrite)
          [tool]   -> wrote 126 bytes to S:\work\develop\mu\runs\2026-08-12-031\width-cloud-p1\.mu-work\implementer\task-2\poem_b.md
        [L1] 思考中（次の行動を決定）… (1.7s, 26 tok)
          [tool] execute_command(Set-Location -LiteralPath ".mu-work\implementer\task-2"; Get…)
          [tool]   -> exit=0 - 秋風に 心揺らして 柿の実よ - 紅葉舞い 静かに暮れる 秋の暮 - 虫の声 夜に響いて 秋深し 
        [L1] 思考中（次の行動を決定）… (1.7s, 90 tok)
       [L2] Reflect（合否）判定中… (1.5s, 71 tok)
       [L2]   -> passed=True :: The agent created the file 'poem_b.md' and verified its content via execute_command. The output shows exactly 3 lines, e…
          [tool] execute_command(Set-Location -LiteralPath ".mu-work\implementer\task-2"; Get…)
          [tool]   -> exit=0 - 秋風に 心揺らして 柿の実よ - 紅葉舞い 静かに暮れる 秋の暮 - 虫の声 夜に響いて 秋深し 
     [L3] [x] UNIT DONE  : poem_b.md
     [L3] [=] OVERALL: passed=True :: all units done (mechanical)
   [L4] [>] 発行: poem_b.md
   [L4] [x] TASK DONE  : (implementer) poem_b.md
   [L4] [-] ツール非配布: (qa) edit_file
   [L4] [-] ツール非配布: (qa) web_search
   [L4] [-] ツール非配布: (qa) fetch_url
     [L3] Plan/再計画を作成中… (2.4s, 193 tok)
     [L3] Planを自律承認:
     [L3]   1. [ ] verdict.md: Read SPEC.md, poem_a.md, and poem_b.md to verify the requirements: both files mu…
        [L1] 思考中（次の行動を決定）… (1.5s, 27 tok)
          [tool] list_dir(S:\work\develop\mu\runs\2026-08-12-031\width-cloud-p1\.mu-wo…, limit=100, offset=)
          [tool]   -> file poem_a.md (132 bytes) file poem_b.md (126 bytes) file SPEC.md (771 bytes)
        [L1] 思考中（次の行動を決定）… (1.6s, 33 tok)
          [tool] read_file(S:\work\develop\mu\runs\2026-08-12-031\width-cloud-p1\.mu-wo…, limit=100, offset=)
          [tool]   -> {   "definitions": ["俳句: 日本語の三行詩ではなく1行で書く短詩。ここでは内容の質は問わない"],   "criteria": [     {"text": "poem_a.md に「- 」で始まる行が3行ある", "…
        [L1] 思考中（次の行動を決定）… (1.4s, 35 tok)
          [tool] read_file(S:\work\develop\mu\runs\2026-08-12-031\width-cloud-p1\.mu-wo…, limit=100, offset=)
          [tool]   -> - 春の風 花びら舞い散る 公園に - 陽だまりに 猫が丸まり 昼寝する - 山笑い 谷に響いた 鳥の声 
        [L1] 思考中（次の行動を決定）… (1.2s, 31 tok)
          [tool] read_file(S:\work\develop\mu\runs\2026-08-12-031\width-cloud-p1\.mu-wo…, limit=100, offset=)
          [tool]   -> - 秋風に 心揺らして 柿の実よ - 紅葉舞い 静かに暮れる 秋の暮 - 虫の声 夜に響いて 秋深し 
        [L1] 思考中（次の行動を決定）… (2.5s, 157 tok)
          [tool] write_file(S:\work\develop\mu\runs\2026-08-12-031\width-cloud-p1\.mu-wo…, content=ITEM 1: PASS — poem_a.md contains 3 lines starting with "- "…, mode=overwrite)
          [tool]   -> wrote 399 bytes to S:\work\develop\mu\runs\2026-08-12-031\width-cloud-p1\.mu-work\qa\task-3\verdict.md
        [L1] 思考中（次の行動を決定）… (1.7s, 24 tok)
          [tool] execute_command(Set-Location -LiteralPath ".mu-work\qa\task-3"; Get-Content …)
          [tool]   -> exit=0 ITEM 1: PASS — poem_a.md contains 3 lines starting with "- ": - 春の風 花びら舞い散る 公園に - 陽だまりに 猫が丸まり 昼寝する - 山笑い 谷に響いた 鳥の…
        [L1] 思考中（次の行動を決定）… (2.0s, 35 tok)
       [L2] Reflect（合否）判定中… (3.3s, 96 tok)
       [L2]   -> passed=True :: The agent read SPEC.md, poem_a.md, and poem_b.md, verified that both poem files contained 3 haikus starting with '- ', a…
          [tool] execute_command(Set-Location -LiteralPath ".mu-work\qa\task-3"; Get-Content …)
          [tool]   -> exit=0 ITEM 1: PASS — poem_a.md contains 3 lines starting with "- ": - 春の風 花びら舞い散る 公園に - 陽だまりに 猫が丸まり 昼寝する - 山笑い 谷に響いた 鳥の…
     [L3] [x] UNIT DONE  : verdict.md
     [L3] [=] OVERALL: passed=True :: all units done (mechanical)
   [L4] [>] 発行: verdict.md
   [L4] [x] TASK DONE  : (qa) verdict.md
          [tool] execute_command(Get-Content poem_a.md)
          [tool]   -> exit=0 - 春の風 花びら舞い散る 公園に - 陽だまりに 猫が丸まり 昼寝する - 山笑い 谷に響いた 鳥の声 
          [tool] execute_command(Get-Content poem_b.md)
          [tool]   -> exit=0 - 秋風に 心揺らして 柿の実よ - 紅葉舞い 静かに暮れる 秋の暮 - 虫の声 夜に響いて 秋深し 
   [L4] 検査[ok] poem_a.md に「- 」で始まる行が3行ある :: exit=0 - 春の風 花びら舞い散る 公園に - 陽だまりに 猫が丸まり 昼寝する - 山笑い 谷に響いた 鳥の声 
   [L4] 検査[ok] poem_b.md に「- 」で始まる行が3行ある :: exit=0 - 秋風に 心揺らして 柿の実よ - 紅葉舞い 静かに暮れる 秋の暮 - 虫の声 夜に響いて 秋深し 
   [L4]   [PASS] #1 poem_a.md に「- 」で始まる行が3行ある :: poem_a.md contains 3 lines starting with "- ":
   [L4]   [PASS] #2 poem_b.md に「- 」で始まる行が3行ある :: poem_b.md contains 3 lines starting with "- ":
   [L4] QA 判定（集約はコード）: yes :: 受入基準 2 項目すべて PASS
   [L4]   gap: none
=== OUTCOME ===
outcome: done  (ok=True, rounds=1)
  [x] (implementer) poem_a.md
  [x] (implementer) poem_b.md
  [x] (qa @gemma4:31b-cloud) verdict.md
verdict: yes :: 受入基準 2 項目すべて PASS
check[ok] poem_a.md に「- 」で始まる行が3行ある
check[ok] poem_b.md に「- 」で始まる行が3行ある
EXIT=0 ELAPSED=52s
