L4 chat / model=gemma4:31b-cloud  pool=['gemma4:31b-cloud']  l4_max=3
[roles] パッケージ: coding（verified） — コーディング向け（設計→実装→テスト→QA）。architect / implementer をドメイン役割に持つ
[roles] 人選対象（PjM が見る一覧と同一）:
  - architect: role: architect（アーキテクト）
  - implementer: role: implementer（実装者）
  - qa: role: qa（品質保証）
[roles] ポジション（人選対象外）: pdm, pjm
[skills] 出所: S:\work\develop\mu\skills
[skills] 装備（宛先 → skill。着るものと同一）:
  - implementer: checker-must-verify-the-spec, do-not-edit-an-existing-checker, input-files-are-read-only, produce-only-the-named-file, run-the-quality-gate-yourself, self-judge-documents-before-submitting
  - pjm: declare-task-needs
[workspace] tray: .mu-work/<role>/task-N/（needs を写して実行・完了時に発行）
[parallel] 同時実行 最大 2（dispatch 規則: needs・WAW/WAR・QA バリア）
spec: S:\work\develop\mu\runs\2026-08-12-031\width-spec.json
  2つの独立した成果物を作る。(1) poem_a.md — 春を詠んだ日本語の俳句を3句。1行に1句、行頭を「- 」にする。(2) poem_b.md — 秋を詠んだ日本語の俳句を3句。1行に1句、行頭を「- 」にする。poem_a.md と poem_b.md は互いに依存しない独立した作業である（どちらを先に作ってもよい）。
   [L4] プロセスを編成中（PjM: 役割・人選・順序）… (2.9s, 414 tok)
── PjM が編んだプロセス（PROCESS.md に書き出し済み。直接編集も可）──
  1. [ ] (implementer) poem_a.md: 春を詠んだ日本語の俳句を3句作成し、1行に1句、行頭を「- 」にして poem_a.md に保存してください。
  2. [ ] (implementer) poem_b.md: 秋を詠んだ日本語の俳句を3句作成し、1行に1句、行頭を「- 」にして poem_b.md に保存してください。
  3. [ ] (qa @gemma4:31b-cloud) verdict.md: poem_a.md と poem_b.md がSPECの要件（春/秋のテーマ、3句、行頭の形式）を満たしているか検証し、結果を verdict.md に記述して…
   [L4] [>] TASK START : (implementer) poem_a.md
     [L3] Plan/再計画を作成中…   [L4] [>] TASK START : (implementer) poem_b.md
     [L3] Plan/再計画を作成中… (1.5s, 128 tok)
     [L3] Planを自律承認:
     [L3]   1. [ ] poem_b.md: 秋を詠んだ日本語の俳句を3句作成し、指定の形式（行頭に'- '）で poem_b.md に保存する
        [L1] 思考中（次の行動を決定）… (1.5s, 135 tok)
     [L3] Planを自律承認:
     [L3]   1. [ ] poem_a.md: 春を詠んだ日本語の俳句を3句作成し、指定の形式（行頭に'- '）で poem_a.md に保存する
        [L1] 思考中（次の行動を決定）… (1.2s, 68 tok)
          [tool] write_file(S:\work\develop\mu\runs\2026-08-12-031\width-cloud-p2bX\.mu-…, content=- 古池に 春の陽だまり 揺れている - 桜舞い 風に誘われ 空へ舞う - 春風に 目覚める花の 香り立つ, mode=overwrite)
          [tool]   -> wrote 133 bytes to S:\work\develop\mu\runs\2026-08-12-031\width-cloud-p2bX\.mu-work\implementer\task-1\poem_a.md
        [L1] 思考中（次の行動を決定）… (1.4s, 71 tok)
          [tool] write_file(S:\work\develop\mu\runs\2026-08-12-031\width-cloud-p2bX\.mu-…, content=- 秋風に 揺れるすすきや 空の青 - 紅葉舞い 散る道を行く ひとり旅 - 月明かり 静かに照らす 庭の隅, mode=overwrite)
          [tool]   -> wrote 136 bytes to S:\work\develop\mu\runs\2026-08-12-031\width-cloud-p2bX\.mu-work\implementer\task-2\poem_b.md
        [L1] 思考中（次の行動を決定）… (0.6s, 26 tok)
          [tool] execute_command(Set-Location -LiteralPath ".mu-work\implementer\task-2"; Get…)
 (0.8s, 26 tok)
          [tool] execute_command(Set-Location -LiteralPath ".mu-work\implementer\task-1"; Get…)
          [tool]   -> exit=0 - 秋風に 揺れるすすきや 空の青 - 紅葉舞い 散る道を行く ひとり旅 - 月明かり 静かに照らす 庭の隅 
        [L1] 思考中（次の行動を決定）…          [tool]   -> exit=0 - 古池に 春の陽だまり 揺れている - 桜舞い 風に誘われ 空へ舞う - 春風に 目覚める花の 香り立つ 
        [L1] 思考中（次の行動を決定）… (1.6s, 83 tok)
       [L2] Reflect（合否）判定中… (1.8s, 47 tok)
       [L2] Reflect（合否）判定中… (0.9s, 60 tok)
       [L2]   -> passed=True :: The agent wrote the file and verified its content via execute_command. The output shows 3 lines starting with '- ' and t…
          [tool] execute_command(Set-Location -LiteralPath ".mu-work\implementer\task-1"; Get…)
 (1.0s, 52 tok)
       [L2]   -> passed=True :: The agent wrote the file and verified its content using the command, showing three lines each starting with '- ' as requ…
          [tool] execute_command(Set-Location -LiteralPath ".mu-work\implementer\task-2"; Get…)
          [tool]   -> exit=0 - 古池に 春の陽だまり 揺れている - 桜舞い 風に誘われ 空へ舞う - 春風に 目覚める花の 香り立つ 
     [L3] [x] UNIT DONE  : poem_a.md
     [L3] [=] OVERALL: passed=True :: all units done (mechanical)
   [L4] [>] 発行: poem_a.md
   [L4] [x] TASK DONE  : (implementer) poem_a.md
          [tool]   -> exit=0 - 秋風に 揺れるすすきや 空の青 - 紅葉舞い 散る道を行く ひとり旅 - 月明かり 静かに照らす 庭の隅 
     [L3] [x] UNIT DONE  : poem_b.md
     [L3] [=] OVERALL: passed=True :: all units done (mechanical)
   [L4] [>] 発行: poem_b.md
   [L4] [x] TASK DONE  : (implementer) poem_b.md
   [L4] [-] ツール非配布: (qa) edit_file
   [L4] [-] ツール非配布: (qa) web_search
   [L4] [-] ツール非配布: (qa) fetch_url
   [L4] [>] TASK START : (qa) verdict.md
     [L3] Plan/再計画を作成中… (1.1s, 173 tok)
     [L3] Planを自律承認:
     [L3]   1. [ ] verdict.md: Analyze SPEC.md to extract acceptance criteria and examine poem_a.md and poem_b.…
        [L1] 思考中（次の行動を決定）… (0.9s, 27 tok)
          [tool] list_dir(S:\work\develop\mu\runs\2026-08-12-031\width-cloud-p2bX\.mu-…, limit=100, offset=)
          [tool]   -> file poem_a.md (133 bytes) file poem_b.md (136 bytes) file SPEC.md (771 bytes)
        [L1] 思考中（次の行動を決定）… (0.9s, 33 tok)
          [tool] read_file(S:\work\develop\mu\runs\2026-08-12-031\width-cloud-p2bX\.mu-…, limit=100, offset=)
          [tool]   -> {   "definitions": ["俳句: 日本語の三行詩ではなく1行で書く短詩。ここでは内容の質は問わない"],   "criteria": [     {"text": "poem_a.md に「- 」で始まる行が3行ある", "…
        [L1] 思考中（次の行動を決定）… (1.4s, 35 tok)
          [tool] read_file(S:\work\develop\mu\runs\2026-08-12-031\width-cloud-p2bX\.mu-…, limit=100, offset=)
          [tool]   -> - 古池に 春の陽だまり 揺れている - 桜舞い 風に誘われ 空へ舞う - 春風に 目覚める花の 香り立つ
        [L1] 思考中（次の行動を決定）… (6.1s, 31 tok)
          [tool] read_file(S:\work\develop\mu\runs\2026-08-12-031\width-cloud-p2bX\.mu-…, limit=100, offset=)
          [tool]   -> - 秋風に 揺れるすすきや 空の青 - 紅葉舞い 散る道を行く ひとり旅 - 月明かり 静かに照らす 庭の隅
        [L1] 思考中（次の行動を決定）… (2.4s, 157 tok)
          [tool] write_file(S:\work\develop\mu\runs\2026-08-12-031\width-cloud-p2bX\.mu-…, content=ITEM 1: PASS — poem_a.md contains 3 lines starting with "- "…, mode=overwrite)
          [tool]   -> wrote 412 bytes to S:\work\develop\mu\runs\2026-08-12-031\width-cloud-p2bX\.mu-work\qa\task-3\verdict.md
        [L1] 思考中（次の行動を決定）… (1.4s, 24 tok)
          [tool] execute_command(Set-Location -LiteralPath ".mu-work\qa\task-3"; Get-Content …)
          [tool]   -> exit=0 ITEM 1: PASS — poem_a.md contains 3 lines starting with "- ": - 古池に 春の陽だまり 揺れている - 桜舞い 風に誘われ 空へ舞う - 春風に 目覚める花の 香り…
        [L1] 思考中（次の行動を決定）… (1.8s, 6 tok)
       [L2] Reflect（合否）判定中… (4.2s, 186 tok)
       [L2]   -> passed=False :: The assistant wrote the result to verdict.md, but the transcript does not show the content of verdict.md via the require…
       [L2]   next: Execute 'Get-Content "verdict.md"' to verify the exact content and format of the output file.
        [L1] 思考中（次の行動を決定）… (1.4s, 23 tok)
          [tool] execute_command(Set-Location -LiteralPath ".mu-work\qa\task-3"; Get-Content …)
          [tool]   -> exit=0 ITEM 1: PASS — poem_a.md contains 3 lines starting with "- ": - 古池に 春の陽だまり 揺れている - 桜舞い 風に誘われ 空へ舞う - 春風に 目覚める花の 香り…
        [L1] 思考中（次の行動を決定）… (3.1s, 167 tok)
       [L2] Reflect（合否）判定中… (2.1s, 103 tok)
       [L2]   -> passed=True :: The agent correctly identified the two criteria from SPEC.md, verified them against poem_a.md and poem_b.md, and wrote t…
          [tool] execute_command(Set-Location -LiteralPath ".mu-work\qa\task-3"; Get-Content …)
          [tool]   -> exit=0 ITEM 1: PASS — poem_a.md contains 3 lines starting with "- ": - 古池に 春の陽だまり 揺れている - 桜舞い 風に誘われ 空へ舞う - 春風に 目覚める花の 香り…
     [L3] [x] UNIT DONE  : verdict.md
     [L3] [=] OVERALL: passed=True :: all units done (mechanical)
   [L4] [>] 発行: verdict.md
   [L4] [x] TASK DONE  : (qa) verdict.md
          [tool] execute_command(Get-Content poem_a.md)
          [tool]   -> exit=0 - 古池に 春の陽だまり 揺れている - 桜舞い 風に誘われ 空へ舞う - 春風に 目覚める花の 香り立つ 
          [tool] execute_command(Get-Content poem_b.md)
          [tool]   -> exit=0 - 秋風に 揺れるすすきや 空の青 - 紅葉舞い 散る道を行く ひとり旅 - 月明かり 静かに照らす 庭の隅 
   [L4] 検査[ok] poem_a.md に「- 」で始まる行が3行ある :: exit=0 - 古池に 春の陽だまり 揺れている - 桜舞い 風に誘われ 空へ舞う - 春風に 目覚める花の 香り立つ 
   [L4] 検査[ok] poem_b.md に「- 」で始まる行が3行ある :: exit=0 - 秋風に 揺れるすすきや 空の青 - 紅葉舞い 散る道を行く ひとり旅 - 月明かり 静かに照らす 庭の隅 
   [L4]   [PASS] #1 poem_a.md に「- 」で始まる行が3行ある :: poem_a.md contains 3 lines starting with "- ":
   [L4]   [PASS] #2 poem_b.md に「- 」で始まる行が3行ある :: poem_b.md contains 3 lines starting with "- ":
   [L4] QA 判定（集約はコード）: yes :: 受入基準 2 項目すべて PASS
   [L4]   gap: none
=== OUTCOME ===
outcome: done  (ok=True, rounds=1)
  [x] (implementer) poem_a.md
  [x] (implementer) poem_b.md
  [x] (qa @gemma4:31b-cloud) verdict.md
verdict: yes :: 受入基準 2 項目すべて PASS
check[ok] poem_a.md に「- 」で始まる行が3行ある
check[ok] poem_b.md に「- 」で始まる行が3行ある
EXIT=0 ELAPSED=41s
